// Jest Snapshot v1, https://goo.gl/fbAQLP

exports[`when testing w/ snapshots renders correctly 1`] = `
<div
  className="ui center aligned middle aligned grid container-fsize container-color--black"
>
  <div
    className="column"
  >
    <div
      className="ui segment container-hsize container-color--black"
    >
      <h1
        className="ui huge header"
        style={
          Object {
            "color": "white",
          }
        }
      >
        <img
          className="ui circular image"
          src="spotify.png"
        />
        Which artists are you following on Spotify?
      </h1>
      <a
        className="ui button button-rounded button-style--default"
        href="https://spotify-api-artists-only.herokuapp.com/api/v1/login"
        onClick={[Function]}
        role="button"
      >
        FIND OUT
         
      </a>
    </div>
  </div>
</div>
`;
